src/app/modules/briefs/components/BriefHistory.tsx(210,47): error TS2322: Type 'BriefHistoryItem' is not assignable to type 'GeneratedBrief'.
  Types of property 'caseStudy' are incompatible.
    Type '{ title: string; summary: string; metrics: string[]; } | null' is not assignable to type '{ title: string; summary: string; metrics: string[]; }'.
      Type 'null' is not assignable to type '{ title: string; summary: string; metrics: string[]; }'.
